I'm sorry, but errors were detected in your script. Please correct the
errors listed below, and try again.


File "game/options.rpy", line 66: Line is indented, but the preceding define statement statement does not expect a block. Please check this line's indentation. You may have forgotten a colon (:).
    define config.main_menu_music = "music.mp3"
    ^

Ren'Py Version: Ren'Py 8.3.2.24090902
Tue Oct 29 16:45:48 2024
